// Jest Snapshot v1, https://goo.gl/fbAQLP

exports[`HomeComponentContainer renders corectly 1`] = `ShallowWrapper {}`;
