// Jest Snapshot v1, https://goo.gl/fbAQLP

exports[`HeaderPresentation renders correctly 1`] = `ShallowWrapper {}`;
