// Jest Snapshot v1, https://goo.gl/fbAQLP

exports[`headerContainer renders correctly 1`] = `ShallowWrapper {}`;
