// Jest Snapshot v1, https://goo.gl/fbAQLP

exports[`Search Result Container renders correctly 1`] = `ShallowWrapper {}`;
