// Jest Snapshot v1, https://goo.gl/fbAQLP

exports[`SuggestedMoviesPresentation renders correctly 1`] = `ShallowWrapper {}`;

exports[`SuggestedMoviesPresentation renders correctly 2`] = `ShallowWrapper {}`;

exports[`SuggestedMoviesPresentation renders correctly 3`] = `ShallowWrapper {}`;
