// Jest Snapshot v1, https://goo.gl/fbAQLP

exports[`FooterComponent renders correctly 1`] = `ShallowWrapper {}`;
